--- compile ---
  GEN  vmlinux.h
  BPF  build/ch07-devcgroup-houdini.bpf.o
  SKEL build/ch07-devcgroup-houdini.skel.h
  CC   build/ch07-devcgroup-houdini
--- run ---
=== ch07 trigger from /work/pocs/ch07-devcgroup-houdini (tmp=/tmp/ch07.mSAZ5Y) ===
=== mknod char 1:3 (/dev/null equivalent) ===
  created
=== mknod char 1:5 (/dev/zero equivalent) ===
  created
=== mknod block 7:0 (loop0 equivalent) ===
  created
=== mknod block 8:0 (sda equivalent) ===
  created
=== read from existing /dev/null (triggers char-device access check) ===
  ok
=== read from /dev/urandom (char 1:9) ===
  ok
=== open /dev/mem (char 1:1) ===
  refused
=== done ===
[ch07] === symbol availability ===
[ch07]   devcgroup_check_permission       [kprobe          ] : present
[ch07]   devcgroup_check_permission       [kretprobe       ] : present
[ch07]   __devcgroup_check_permission     [kprobe          ] : ABSENT
[ch07]   __devcgroup_check_permission     [kretprobe       ] : ABSENT
[ch07]   __arm64_sys_mknodat              [kprobe(override)] : present
[ch07] attach kp_dccp                          OK
[ch07] attach krp_dccp                         OK
[ch07] 2 program(s) attached — devcgroup observer active (SIGINT to stop)
[ch07] hook=devcgroup_check_permission   pid=88142 comm=bash             type=chr 1:3 access=w verdict=ALLOW
[ch07] hook=devcgroup_check_permission   pid=88142 comm=bash             type=chr 1:3 access=w verdict=ALLOW
[ch07] hook=devcgroup_check_permission   pid=88125 comm=containerd-shim  type=chr 1:3 access=r verdict=ALLOW
[ch07] hook=devcgroup_check_permission   pid=88122 comm=containerd-shim  type=chr 1:3 access=r verdict=ALLOW
[ch07] hook=devcgroup_check_permission   pid=1149 comm=containerd       type=chr 1:3 access=r verdict=ALLOW
[ch07] hook=devcgroup_check_permission   pid=88257 comm=containerd-shim  type=chr 1:3 access=r verdict=ALLOW
[ch07] hook=devcgroup_check_permission   pid=309 comm=dockerd          type=chr 1:3 access=r verdict=ALLOW
[ch07] hook=devcgroup_check_permission   pid=88271 comm=containerd-shim  type=chr 1:3 access=r verdict=ALLOW
[ch07] hook=devcgroup_check_permission   pid=88271 comm=containerd-shim  type=chr 1:3 access=w verdict=ALLOW
[ch07] hook=devcgroup_check_permission   pid=88271 comm=containerd-shim  type=chr 1:3 access=w verdict=ALLOW
[ch07] hook=devcgroup_check_permission   pid=88282 comm=containerd-shim  type=chr 1:3 access=r verdict=ALLOW
[ch07] hook=devcgroup_check_permission   pid=88295 comm=runc:[2:INIT]    type=chr 10:235 access=m verdict=ALLOW
[ch07] hook=devcgroup_check_permission   pid=88295 comm=runc:[2:INIT]    type=chr 10:234 access=m verdict=ALLOW
[ch07] hook=devcgroup_check_permission   pid=88295 comm=runc:[2:INIT]    type=chr 189:0 access=m verdict=ALLOW
[ch07] hook=devcgroup_check_permission   pid=88295 comm=runc:[2:INIT]    type=chr 189:128 access=m verdict=ALLOW
[ch07] hook=devcgroup_check_permission   pid=88295 comm=runc:[2:INIT]    type=chr 10:126 access=m verdict=ALLOW
[ch07] hook=devcgroup_check_permission   pid=88295 comm=runc:[2:INIT]    type=chr 10:124 access=m verdict=ALLOW
[ch07] hook=devcgroup_check_permission   pid=88295 comm=runc:[2:INIT]    type=chr 10:203 access=m verdict=ALLOW
[ch07] hook=devcgroup_check_permission   pid=88295 comm=runc:[2:INIT]    type=chr 1:7 access=m verdict=ALLOW
[ch07] hook=devcgroup_check_permission   pid=88295 comm=runc:[2:INIT]    type=chr 10:229 access=m verdict=ALLOW
[ch07] hook=devcgroup_check_permission   pid=88295 comm=runc:[2:INIT]    type=chr 254:0 access=m verdict=ALLOW
[ch07] hook=devcgroup_check_permission   pid=88295 comm=runc:[2:INIT]    type=chr 229:0 access=m verdict=ALLOW
[ch07] hook=devcgroup_check_permission   pid=88295 comm=runc:[2:INIT]    type=chr 229:1 access=m verdict=ALLOW
[ch07] hook=devcgroup_check_permission   pid=88295 comm=runc:[2:INIT]    type=chr 229:2 access=m verdict=ALLOW
[ch07] hook=devcgroup_check_permission   pid=88295 comm=runc:[2:INIT]    type=chr 229:3 access=m verdict=ALLOW
[ch07] hook=devcgroup_check_permission   pid=88295 comm=runc:[2:INIT]    type=chr 229:4 access=m verdict=ALLOW
[ch07] hook=devcgroup_check_permission   pid=88295 comm=runc:[2:INIT]    type=chr 229:5 access=m verdict=ALLOW
[ch07] hook=devcgroup_check_permission   pid=88295 comm=runc:[2:INIT]    type=chr 229:6 access=m verdict=ALLOW
[ch07] hook=devcgroup_check_permission   pid=88295 comm=runc:[2:INIT]    type=chr 229:7 access=m verdict=ALLOW
[ch07] hook=devcgroup_check_permission   pid=88295 comm=runc:[2:INIT]    type=chr 10:183 access=m verdict=ALLOW
[ch07] hook=devcgroup_check_permission   pid=88295 comm=runc:[2:INIT]    type=chr 13:63 access=m verdict=ALLOW
[ch07] hook=devcgroup_check_permission   pid=88295 comm=runc:[2:INIT]    type=chr 1:11 access=m verdict=ALLOW
[ch07] hook=devcgroup_check_permission   pid=88295 comm=runc:[2:INIT]    type=chr 10:237 access=m verdict=ALLOW
[ch07] hook=devcgroup_check_permission   pid=88295 comm=runc:[2:INIT]    type=blk 7:0 access=m verdict=ALLOW
[ch07] hook=devcgroup_check_permission   pid=88295 comm=runc:[2:INIT]    type=blk 7:1 access=m verdict=ALLOW
[ch07] hook=devcgroup_check_permission   pid=88295 comm=runc:[2:INIT]    type=blk 7:2 access=m verdict=ALLOW
[ch07] hook=devcgroup_check_permission   pid=88295 comm=runc:[2:INIT]    type=blk 7:3 access=m verdict=ALLOW
[ch07] hook=devcgroup_check_permission   pid=88295 comm=runc:[2:INIT]    type=blk 7:4 access=m verdict=ALLOW
[ch07] hook=devcgroup_check_permission   pid=88295 comm=runc:[2:INIT]    type=blk 7:5 access=m verdict=ALLOW
[ch07] hook=devcgroup_check_permission   pid=88295 comm=runc:[2:INIT]    type=blk 7:6 access=m verdict=ALLOW
[ch07] hook=devcgroup_check_permission   pid=88295 comm=runc:[2:INIT]    type=blk 7:7 access=m verdict=ALLOW
[ch07] hook=devcgroup_check_permission   pid=88295 comm=runc:[2:INIT]    type=chr 10:236 access=m verdict=ALLOW
[ch07] hook=devcgroup_check_permission   pid=88295 comm=runc:[2:INIT]    type=chr 1:1 access=m verdict=ALLOW
[ch07] hook=devcgroup_check_permission   pid=88295 comm=runc:[2:INIT]    type=blk 43:0 access=m verdict=ALLOW
[ch07] hook=devcgroup_check_permission   pid=88295 comm=runc:[2:INIT]    type=blk 43:32 access=m verdict=ALLOW
[ch07] hook=devcgroup_check_permission   pid=88295 comm=runc:[2:INIT]    type=blk 43:320 access=m verdict=ALLOW
[ch07] hook=devcgroup_check_permission   pid=88295 comm=runc:[2:INIT]    type=blk 43:352 access=m verdict=ALLOW
[ch07] hook=devcgroup_check_permission   pid=88295 comm=runc:[2:INIT]    type=blk 43:384 access=m verdict=ALLOW
[ch07] hook=devcgroup_check_permission   pid=88295 comm=runc:[2:INIT]    type=blk 43:416 access=m verdict=ALLOW
[ch07] hook=devcgroup_check_permission   pid=88295 comm=runc:[2:INIT]    type=blk 43:448 access=m verdict=ALLOW
[ch07] hook=devcgroup_check_permission   pid=88295 comm=runc:[2:INIT]    type=blk 43:480 access=m verdict=ALLOW
[ch07] hook=devcgroup_check_permission   pid=88295 comm=runc:[2:INIT]    type=blk 43:64 access=m verdict=ALLOW
[ch07] hook=devcgroup_check_permission   pid=88295 comm=runc:[2:INIT]    type=blk 43:96 access=m verdict=ALLOW
[ch07] hook=devcgroup_check_permission   pid=88295 comm=runc:[2:INIT]    type=blk 43:128 access=m verdict=ALLOW
[ch07] hook=devcgroup_check_permission   pid=88295 comm=runc:[2:INIT]    type=blk 43:160 access=m verdict=ALLOW
[ch07] hook=devcgroup_check_permission   pid=88295 comm=runc:[2:INIT]    type=blk 43:192 access=m verdict=ALLOW
[ch07] hook=devcgroup_check_permission   pid=88295 comm=runc:[2:INIT]    type=blk 43:224 access=m verdict=ALLOW
[ch07] hook=devcgroup_check_permission   pid=88295 comm=runc:[2:INIT]    type=blk 43:256 access=m verdict=ALLOW
[ch07] hook=devcgroup_check_permission   pid=88295 comm=runc:[2:INIT]    type=blk 43:288 access=m verdict=ALLOW
[ch07] hook=devcgroup_check_permission   pid=88295 comm=runc:[2:INIT]    type=chr 10:200 access=m verdict=ALLOW
[ch07] hook=devcgroup_check_permission   pid=88295 comm=runc:[2:INIT]    type=chr 1:3 access=m verdict=ALLOW
[ch07] hook=devcgroup_check_permission   pid=88295 comm=runc:[2:INIT]    type=chr 1:4 access=m verdict=ALLOW
[ch07] hook=devcgroup_check_permission   pid=88295 comm=runc:[2:INIT]    type=chr 108:0 access=m verdict=ALLOW
[ch07] hook=devcgroup_check_permission   pid=88295 comm=runc:[2:INIT]    type=blk 1:0 access=m verdict=ALLOW
[ch07] hook=devcgroup_check_permission   pid=88295 comm=runc:[2:INIT]    type=blk 1:1 access=m verdict=ALLOW
[ch07] hook=devcgroup_check_permission   pid=88295 comm=runc:[2:INIT]    type=blk 1:10 access=m verdict=ALLOW
[ch07] hook=devcgroup_check_permission   pid=88295 comm=runc:[2:INIT]    type=blk 1:11 access=m verdict=ALLOW
[ch07] hook=devcgroup_check_permission   pid=88295 comm=runc:[2:INIT]    type=blk 1:12 access=m verdict=ALLOW
[ch07] hook=devcgroup_check_permission   pid=88295 comm=runc:[2:INIT]    type=blk 1:13 access=m verdict=ALLOW
[ch07] hook=devcgroup_check_permission   pid=88295 comm=runc:[2:INIT]    type=blk 1:14 access=m verdict=ALLOW
[ch07] hook=devcgroup_check_permission   pid=88295 comm=runc:[2:INIT]    type=blk 1:15 access=m verdict=ALLOW
[ch07] hook=devcgroup_check_permission   pid=88295 comm=runc:[2:INIT]    type=blk 1:2 access=m verdict=ALLOW
[ch07] hook=devcgroup_check_permission   pid=88295 comm=runc:[2:INIT]    type=blk 1:3 access=m verdict=ALLOW
[ch07] hook=devcgroup_check_permission   pid=88295 comm=runc:[2:INIT]    type=blk 1:4 access=m verdict=ALLOW
[ch07] hook=devcgroup_check_permission   pid=88295 comm=runc:[2:INIT]    type=blk 1:5 access=m verdict=ALLOW
[ch07] hook=devcgroup_check_permission   pid=88295 comm=runc:[2:INIT]    type=blk 1:6 access=m verdict=ALLOW
[ch07] hook=devcgroup_check_permission   pid=88295 comm=runc:[2:INIT]    type=blk 1:7 access=m verdict=ALLOW
[ch07] hook=devcgroup_check_permission   pid=88295 comm=runc:[2:INIT]    type=blk 1:8 access=m verdict=ALLOW
[ch07] hook=devcgroup_check_permission   pid=88295 comm=runc:[2:INIT]    type=blk 1:9 access=m verdict=ALLOW
[ch07] hook=devcgroup_check_permission   pid=88295 comm=runc:[2:INIT]    type=chr 1:8 access=m verdict=ALLOW
[ch07] hook=devcgroup_check_permission   pid=88295 comm=runc:[2:INIT]    type=chr 253:0 access=m verdict=ALLOW
[ch07] hook=devcgroup_check_permission   pid=88295 comm=runc:[2:INIT]    type=chr 5:0 access=m verdict=ALLOW
[ch07] hook=devcgroup_check_permission   pid=88295 comm=runc:[2:INIT]    type=chr 4:0 access=m verdict=ALLOW
[ch07] hook=devcgroup_check_permission   pid=88295 comm=runc:[2:INIT]    type=chr 4:1 access=m verdict=ALLOW
[ch07] hook=devcgroup_check_permission   pid=88295 comm=runc:[2:INIT]    type=chr 4:10 access=m verdict=ALLOW
[ch07] hook=devcgroup_check_permission   pid=88295 comm=runc:[2:INIT]    type=chr 4:11 access=m verdict=ALLOW
[ch07] hook=devcgroup_check_permission   pid=88295 comm=runc:[2:INIT]    type=chr 4:12 access=m verdict=ALLOW
[ch07] hook=devcgroup_check_permission   pid=88295 comm=runc:[2:INIT]    type=chr 4:13 access=m verdict=ALLOW
[ch07] hook=devcgroup_check_permission   pid=88295 comm=runc:[2:INIT]    type=chr 4:14 access=m verdict=ALLOW
[ch07] hook=devcgroup_check_permission   pid=88295 comm=runc:[2:INIT]    type=chr 4:15 access=m verdict=ALLOW
[ch07] hook=devcgroup_check_permission   pid=88295 comm=runc:[2:INIT]    type=chr 4:16 access=m verdict=ALLOW
[ch07] hook=devcgroup_check_permission   pid=88295 comm=runc:[2:INIT]    type=chr 4:17 access=m verdict=ALLOW
[ch07] hook=devcgroup_check_permission   pid=88295 comm=runc:[2:INIT]    type=chr 4:18 access=m verdict=ALLOW
[ch07] hook=devcgroup_check_permission   pid=88295 comm=runc:[2:INIT]    type=chr 4:19 access=m verdict=ALLOW
[ch07] hook=devcgroup_check_permission   pid=88295 comm=runc:[2:INIT]    type=chr 4:2 access=m verdict=ALLOW
[ch07] hook=devcgroup_check_permission   pid=88295 comm=runc:[2:INIT]    type=chr 4:20 access=m verdict=ALLOW
[ch07] hook=devcgroup_check_permission   pid=88295 comm=runc:[2:INIT]    type=chr 4:21 access=m verdict=ALLOW
[ch07] hook=devcgroup_check_permission   pid=88295 comm=runc:[2:INIT]    type=chr 4:22 access=m verdict=ALLOW
[ch07] hook=devcgroup_check_permission   pid=88295 comm=runc:[2:INIT]    type=chr 4:23 access=m verdict=ALLOW
[ch07] hook=devcgroup_check_permission   pid=88295 comm=runc:[2:INIT]    type=chr 4:24 access=m verdict=ALLOW
[ch07] hook=devcgroup_check_permission   pid=88295 comm=runc:[2:INIT]    type=chr 4:25 access=m verdict=ALLOW
[ch07] hook=devcgroup_check_permission   pid=88295 comm=runc:[2:INIT]    type=chr 4:26 access=m verdict=ALLOW
[ch07] hook=devcgroup_check_permission   pid=88295 comm=runc:[2:INIT]    type=chr 4:27 access=m verdict=ALLOW
[ch07] hook=devcgroup_check_permission   pid=88295 comm=runc:[2:INIT]    type=chr 4:28 access=m verdict=ALLOW
[ch07] hook=devcgroup_check_permission   pid=88295 comm=runc:[2:INIT]    type=chr 4:29 access=m verdict=ALLOW
[ch07] hook=devcgroup_check_permission   pid=88295 comm=runc:[2:INIT]    type=chr 4:3 access=m verdict=ALLOW
[ch07] hook=devcgroup_check_permission   pid=88295 comm=runc:[2:INIT]    type=chr 4:30 access=m verdict=ALLOW
[ch07] hook=devcgroup_check_permission   pid=88295 comm=runc:[2:INIT]    type=chr 4:31 access=m verdict=ALLOW
[ch07] hook=devcgroup_check_permission   pid=88295 comm=runc:[2:INIT]    type=chr 4:32 access=m verdict=ALLOW
[ch07] hook=devcgroup_check_permission   pid=88295 comm=runc:[2:INIT]    type=chr 4:33 access=m verdict=ALLOW
[ch07] hook=devcgroup_check_permission   pid=88295 comm=runc:[2:INIT]    type=chr 4:34 access=m verdict=ALLOW
[ch07] hook=devcgroup_check_permission   pid=88295 comm=runc:[2:INIT]    type=chr 4:35 access=m verdict=ALLOW
[ch07] hook=devcgroup_check_permission   pid=88295 comm=runc:[2:INIT]    type=chr 4:36 access=m verdict=ALLOW
[ch07] hook=devcgroup_check_permission   pid=88295 comm=runc:[2:INIT]    type=chr 4:37 access=m verdict=ALLOW
[ch07] hook=devcgroup_check_permission   pid=88295 comm=runc:[2:INIT]    type=chr 4:38 access=m verdict=ALLOW
[ch07] hook=devcgroup_check_permission   pid=88295 comm=runc:[2:INIT]    type=chr 4:39 access=m verdict=ALLOW
[ch07] hook=devcgroup_check_permission   pid=88295 comm=runc:[2:INIT]    type=chr 4:4 access=m verdict=ALLOW
[ch07] hook=devcgroup_check_permission   pid=88295 comm=runc:[2:INIT]    type=chr 4:40 access=m verdict=ALLOW
[ch07] hook=devcgroup_check_permission   pid=88295 comm=runc:[2:INIT]    type=chr 4:41 access=m verdict=ALLOW
[ch07] hook=devcgroup_check_permission   pid=88295 comm=runc:[2:INIT]    type=chr 4:42 access=m verdict=ALLOW
[ch07] hook=devcgroup_check_permission   pid=88295 comm=runc:[2:INIT]    type=chr 4:43 access=m verdict=ALLOW
[ch07] hook=devcgroup_check_permission   pid=88295 comm=runc:[2:INIT]    type=chr 4:44 access=m verdict=ALLOW
[ch07] hook=devcgroup_check_permission   pid=88295 comm=runc:[2:INIT]    type=chr 4:45 access=m verdict=ALLOW
[ch07] hook=devcgroup_check_permission   pid=88295 comm=runc:[2:INIT]    type=chr 4:46 access=m verdict=ALLOW
[ch07] hook=devcgroup_check_permission   pid=88295 comm=runc:[2:INIT]    type=chr 4:47 access=m verdict=ALLOW
[ch07] hook=devcgroup_check_permission   pid=88295 comm=runc:[2:INIT]    type=chr 4:48 access=m verdict=ALLOW
[ch07] hook=devcgroup_check_permission   pid=88295 comm=runc:[2:INIT]    type=chr 4:49 access=m verdict=ALLOW
[ch07] hook=devcgroup_check_permission   pid=88295 comm=runc:[2:INIT]    type=chr 4:5 access=m verdict=ALLOW
[ch07] hook=devcgroup_check_permission   pid=88295 comm=runc:[2:INIT]    type=chr 4:50 access=m verdict=ALLOW
[ch07] hook=devcgroup_check_permission   pid=88295 comm=runc:[2:INIT]    type=chr 4:51 access=m verdict=ALLOW
[ch07] hook=devcgroup_check_permission   pid=88295 comm=runc:[2:INIT]    type=chr 4:52 access=m verdict=ALLOW
[ch07] hook=devcgroup_check_permission   pid=88295 comm=runc:[2:INIT]    type=chr 4:53 access=m verdict=ALLOW
[ch07] hook=devcgroup_check_permission   pid=88295 comm=runc:[2:INIT]    type=chr 4:54 access=m verdict=ALLOW
[ch07] hook=devcgroup_check_permission   pid=88295 comm=runc:[2:INIT]    type=chr 4:55 access=m verdict=ALLOW
[ch07] hook=devcgroup_check_permission   pid=88295 comm=runc:[2:INIT]    type=chr 4:56 access=m verdict=ALLOW
[ch07] hook=devcgroup_check_permission   pid=88295 comm=runc:[2:INIT]    type=chr 4:57 access=m verdict=ALLOW
[ch07] hook=devcgroup_check_permission   pid=88295 comm=runc:[2:INIT]    type=chr 4:58 access=m verdict=ALLOW
[ch07] hook=devcgroup_check_permission   pid=88295 comm=runc:[2:INIT]    type=chr 4:59 access=m verdict=ALLOW
[ch07] hook=devcgroup_check_permission   pid=88295 comm=runc:[2:INIT]    type=chr 4:6 access=m verdict=ALLOW
[ch07] hook=devcgroup_check_permission   pid=88295 comm=runc:[2:INIT]    type=chr 4:60 access=m verdict=ALLOW
[ch07] hook=devcgroup_check_permission   pid=88295 comm=runc:[2:INIT]    type=chr 4:61 access=m verdict=ALLOW
[ch07] hook=devcgroup_check_permission   pid=88295 comm=runc:[2:INIT]    type=chr 4:62 access=m verdict=ALLOW
[ch07] hook=devcgroup_check_permission   pid=88295 comm=runc:[2:INIT]    type=chr 4:63 access=m verdict=ALLOW
[ch07] hook=devcgroup_check_permission   pid=88295 comm=runc:[2:INIT]    type=chr 4:7 access=m verdict=ALLOW
[ch07] hook=devcgroup_check_permission   pid=88295 comm=runc:[2:INIT]    type=chr 4:8 access=m verdict=ALLOW
[ch07] hook=devcgroup_check_permission   pid=88295 comm=runc:[2:INIT]    type=chr 4:9 access=m verdict=ALLOW
[ch07] hook=devcgroup_check_permission   pid=88295 comm=runc:[2:INIT]    type=chr 4:64 access=m verdict=ALLOW
[ch07] hook=devcgroup_check_permission   pid=88295 comm=runc:[2:INIT]    type=chr 4:65 access=m verdict=ALLOW
[ch07] hook=devcgroup_check_permission   pid=88295 comm=runc:[2:INIT]    type=chr 4:66 access=m verdict=ALLOW
[ch07] hook=devcgroup_check_permission   pid=88295 comm=runc:[2:INIT]    type=chr 4:67 access=m verdict=ALLOW
[ch07] hook=devcgroup_check_permission   pid=88295 comm=runc:[2:INIT]    type=chr 10:223 access=m verdict=ALLOW
[ch07] hook=devcgroup_check_permission   pid=88295 comm=runc:[2:INIT]    type=chr 1:9 access=m verdict=ALLOW
[ch07] hook=devcgroup_check_permission   pid=88295 comm=runc:[2:INIT]    type=chr 247:0 access=m verdict=ALLOW
[ch07] hook=devcgroup_check_permission   pid=88295 comm=runc:[2:INIT]    type=chr 247:1 access=m verdict=ALLOW
[ch07] hook=devcgroup_check_permission   pid=88295 comm=runc:[2:INIT]    type=chr 247:2 access=m verdict=ALLOW
[ch07] hook=devcgroup_check_permission   pid=88295 comm=runc:[2:INIT]    type=chr 7:0 access=m verdict=ALLOW
[ch07] hook=devcgroup_check_permission   pid=88295 comm=runc:[2:INIT]    type=chr 7:1 access=m verdict=ALLOW
[ch07] hook=devcgroup_check_permission   pid=88295 comm=runc:[2:INIT]    type=chr 7:128 access=m verdict=ALLOW
[ch07] hook=devcgroup_check_permission   pid=88295 comm=runc:[2:INIT]    type=chr 7:129 access=m verdict=ALLOW
[ch07] hook=devcgroup_check_permission   pid=88295 comm=runc:[2:INIT]    type=chr 7:64 access=m verdict=ALLOW
[ch07] hook=devcgroup_check_permission   pid=88295 comm=runc:[2:INIT]    type=chr 7:65 access=m verdict=ALLOW
[ch07] hook=devcgroup_check_permission   pid=88295 comm=runc:[2:INIT]    type=blk 254:0 access=m verdict=ALLOW
[ch07] hook=devcgroup_check_permission   pid=88295 comm=runc:[2:INIT]    type=blk 254:1 access=m verdict=ALLOW
[ch07] hook=devcgroup_check_permission   pid=88295 comm=runc:[2:INIT]    type=blk 254:16 access=m verdict=ALLOW
[ch07] hook=devcgroup_check_permission   pid=88295 comm=runc:[2:INIT]    type=chr 10:127 access=m verdict=ALLOW
[ch07] hook=devcgroup_check_permission   pid=88295 comm=runc:[2:INIT]    type=chr 10:238 access=m verdict=ALLOW
[ch07] hook=devcgroup_check_permission   pid=88295 comm=runc:[2:INIT]    type=chr 10:241 access=m verdict=ALLOW
[ch07] hook=devcgroup_check_permission   pid=88295 comm=runc:[2:INIT]    type=chr 250:0 access=m verdict=ALLOW
[ch07] hook=devcgroup_check_permission   pid=88295 comm=runc:[2:INIT]    type=chr 10:125 access=m verdict=ALLOW
[ch07] hook=devcgroup_check_permission   pid=88295 comm=runc:[2:INIT]    type=chr 1:5 access=m verdict=ALLOW
[ch07] hook=devcgroup_check_permission   pid=88284 comm=runc             type=chr 1:3 access=r verdict=ALLOW
[ch07] hook=devcgroup_check_permission   pid=88295 comm=runc:[2:INIT]    type=chr 1:3 access=rw verdict=ALLOW
[ch07] hook=devcgroup_check_permission   pid=309 comm=dockerd          type=chr 1:3 access=r verdict=ALLOW
[ch07] hook=devcgroup_check_permission   pid=88276 comm=containerd-shim  type=chr 1:3 access=r verdict=ALLOW
[ch07] hook=devcgroup_check_permission   pid=88295 comm=bash             type=chr 5:0 access=rw verdict=ALLOW
[ch07] hook=devcgroup_check_permission   pid=88310 comm=bash             type=chr 1:3 access=r verdict=ALLOW
[ch07] hook=devcgroup_check_permission   pid=88318 comm=containerd-shim  type=chr 1:3 access=r verdict=ALLOW
[ch07] hook=devcgroup_check_permission   pid=88318 comm=containerd-shim  type=chr 1:3 access=w verdict=ALLOW
[ch07] hook=devcgroup_check_permission   pid=88318 comm=containerd-shim  type=chr 1:3 access=w verdict=ALLOW
[ch07] hook=devcgroup_check_permission   pid=88328 comm=containerd-shim  type=chr 1:3 access=r verdict=ALLOW
[ch07] hook=devcgroup_check_permission   pid=88343 comm=runc:[2:INIT]    type=chr 10:235 access=m verdict=ALLOW
[ch07] hook=devcgroup_check_permission   pid=88343 comm=runc:[2:INIT]    type=chr 10:234 access=m verdict=ALLOW
[ch07] hook=devcgroup_check_permission   pid=88343 comm=runc:[2:INIT]    type=chr 189:0 access=m verdict=ALLOW
[ch07] hook=devcgroup_check_permission   pid=88343 comm=runc:[2:INIT]    type=chr 189:128 access=m verdict=ALLOW
[ch07] hook=devcgroup_check_permission   pid=88343 comm=runc:[2:INIT]    type=chr 10:126 access=m verdict=ALLOW
[ch07] hook=devcgroup_check_permission   pid=88343 comm=runc:[2:INIT]    type=chr 10:124 access=m verdict=ALLOW
[ch07] hook=devcgroup_check_permission   pid=88343 comm=runc:[2:INIT]    type=chr 10:203 access=m verdict=ALLOW
[ch07] hook=devcgroup_check_permission   pid=88343 comm=runc:[2:INIT]    type=chr 1:7 access=m verdict=ALLOW
[ch07] hook=devcgroup_check_permission   pid=88343 comm=runc:[2:INIT]    type=chr 10:229 access=m verdict=ALLOW
[ch07] hook=devcgroup_check_permission   pid=88343 comm=runc:[2:INIT]    type=chr 254:0 access=m verdict=ALLOW
[ch07] hook=devcgroup_check_permission   pid=88343 comm=runc:[2:INIT]    type=chr 229:0 access=m verdict=ALLOW
[ch07] hook=devcgroup_check_permission   pid=88343 comm=runc:[2:INIT]    type=chr 229:1 access=m verdict=ALLOW
[ch07] hook=devcgroup_check_permission   pid=88343 comm=runc:[2:INIT]    type=chr 229:2 access=m verdict=ALLOW
[ch07] hook=devcgroup_check_permission   pid=88343 comm=runc:[2:INIT]    type=chr 229:3 access=m verdict=ALLOW
[ch07] hook=devcgroup_check_permission   pid=88343 comm=runc:[2:INIT]    type=chr 229:4 access=m verdict=ALLOW
[ch07] hook=devcgroup_check_permission   pid=88343 comm=runc:[2:INIT]    type=chr 229:5 access=m verdict=ALLOW
[ch07] hook=devcgroup_check_permission   pid=88343 comm=runc:[2:INIT]    type=chr 229:6 access=m verdict=ALLOW
[ch07] hook=devcgroup_check_permission   pid=88343 comm=runc:[2:INIT]    type=chr 229:7 access=m verdict=ALLOW
[ch07] hook=devcgroup_check_permission   pid=88343 comm=runc:[2:INIT]    type=chr 10:183 access=m verdict=ALLOW
[ch07] hook=devcgroup_check_permission   pid=88343 comm=runc:[2:INIT]    type=chr 13:63 access=m verdict=ALLOW
[ch07] hook=devcgroup_check_permission   pid=88343 comm=runc:[2:INIT]    type=chr 1:11 access=m verdict=ALLOW
[ch07] hook=devcgroup_check_permission   pid=88343 comm=runc:[2:INIT]    type=chr 10:237 access=m verdict=ALLOW
[ch07] hook=devcgroup_check_permission   pid=88343 comm=runc:[2:INIT]    type=blk 7:0 access=m verdict=ALLOW
[ch07] hook=devcgroup_check_permission   pid=88343 comm=runc:[2:INIT]    type=blk 7:1 access=m verdict=ALLOW
[ch07] hook=devcgroup_check_permission   pid=88343 comm=runc:[2:INIT]    type=blk 7:2 access=m verdict=ALLOW
[ch07] hook=devcgroup_check_permission   pid=88343 comm=runc:[2:INIT]    type=blk 7:3 access=m verdict=ALLOW
[ch07] hook=devcgroup_check_permission   pid=88343 comm=runc:[2:INIT]    type=blk 7:4 access=m verdict=ALLOW
[ch07] hook=devcgroup_check_permission   pid=88343 comm=runc:[2:INIT]    type=blk 7:5 access=m verdict=ALLOW
[ch07] hook=devcgroup_check_permission   pid=88343 comm=runc:[2:INIT]    type=blk 7:6 access=m verdict=ALLOW
[ch07] hook=devcgroup_check_permission   pid=88343 comm=runc:[2:INIT]    type=blk 7:7 access=m verdict=ALLOW
[ch07] hook=devcgroup_check_permission   pid=88343 comm=runc:[2:INIT]    type=chr 10:236 access=m verdict=ALLOW
[ch07] hook=devcgroup_check_permission   pid=88343 comm=runc:[2:INIT]    type=chr 1:1 access=m verdict=ALLOW
[ch07] hook=devcgroup_check_permission   pid=88343 comm=runc:[2:INIT]    type=blk 43:0 access=m verdict=ALLOW
[ch07] hook=devcgroup_check_permission   pid=88343 comm=runc:[2:INIT]    type=blk 43:32 access=m verdict=ALLOW
[ch07] hook=devcgroup_check_permission   pid=88343 comm=runc:[2:INIT]    type=blk 43:320 access=m verdict=ALLOW
[ch07] hook=devcgroup_check_permission   pid=88343 comm=runc:[2:INIT]    type=blk 43:352 access=m verdict=ALLOW
[ch07] hook=devcgroup_check_permission   pid=88343 comm=runc:[2:INIT]    type=blk 43:384 access=m verdict=ALLOW
[ch07] hook=devcgroup_check_permission   pid=88343 comm=runc:[2:INIT]    type=blk 43:416 access=m verdict=ALLOW
[ch07] hook=devcgroup_check_permission   pid=88343 comm=runc:[2:INIT]    type=blk 43:448 access=m verdict=ALLOW
[ch07] hook=devcgroup_check_permission   pid=88343 comm=runc:[2:INIT]    type=blk 43:480 access=m verdict=ALLOW
[ch07] hook=devcgroup_check_permission   pid=88343 comm=runc:[2:INIT]    type=blk 43:64 access=m verdict=ALLOW
[ch07] hook=devcgroup_check_permission   pid=88343 comm=runc:[2:INIT]    type=blk 43:96 access=m verdict=ALLOW
[ch07] hook=devcgroup_check_permission   pid=88343 comm=runc:[2:INIT]    type=blk 43:128 access=m verdict=ALLOW
[ch07] hook=devcgroup_check_permission   pid=88343 comm=runc:[2:INIT]    type=blk 43:160 access=m verdict=ALLOW
[ch07] hook=devcgroup_check_permission   pid=88343 comm=runc:[2:INIT]    type=blk 43:192 access=m verdict=ALLOW
[ch07] hook=devcgroup_check_permission   pid=88343 comm=runc:[2:INIT]    type=blk 43:224 access=m verdict=ALLOW
[ch07] hook=devcgroup_check_permission   pid=88343 comm=runc:[2:INIT]    type=blk 43:256 access=m verdict=ALLOW
[ch07] hook=devcgroup_check_permission   pid=88343 comm=runc:[2:INIT]    type=blk 43:288 access=m verdict=ALLOW
[ch07] hook=devcgroup_check_permission   pid=88343 comm=runc:[2:INIT]    type=chr 10:200 access=m verdict=ALLOW
[ch07] hook=devcgroup_check_permission   pid=88343 comm=runc:[2:INIT]    type=chr 1:3 access=m verdict=ALLOW
[ch07] hook=devcgroup_check_permission   pid=88343 comm=runc:[2:INIT]    type=chr 1:4 access=m verdict=ALLOW
[ch07] hook=devcgroup_check_permission   pid=88343 comm=runc:[2:INIT]    type=chr 108:0 access=m verdict=ALLOW
[ch07] hook=devcgroup_check_permission   pid=88343 comm=runc:[2:INIT]    type=blk 1:0 access=m verdict=ALLOW
[ch07] hook=devcgroup_check_permission   pid=88343 comm=runc:[2:INIT]    type=blk 1:1 access=m verdict=ALLOW
[ch07] hook=devcgroup_check_permission   pid=88343 comm=runc:[2:INIT]    type=blk 1:10 access=m verdict=ALLOW
[ch07] hook=devcgroup_check_permission   pid=88343 comm=runc:[2:INIT]    type=blk 1:11 access=m verdict=ALLOW
[ch07] hook=devcgroup_check_permission   pid=88343 comm=runc:[2:INIT]    type=blk 1:12 access=m verdict=ALLOW
[ch07] hook=devcgroup_check_permission   pid=88343 comm=runc:[2:INIT]    type=blk 1:13 access=m verdict=ALLOW
[ch07] hook=devcgroup_check_permission   pid=88343 comm=runc:[2:INIT]    type=blk 1:14 access=m verdict=ALLOW
[ch07] hook=devcgroup_check_permission   pid=88343 comm=runc:[2:INIT]    type=blk 1:15 access=m verdict=ALLOW
[ch07] hook=devcgroup_check_permission   pid=88343 comm=runc:[2:INIT]    type=blk 1:2 access=m verdict=ALLOW
[ch07] hook=devcgroup_check_permission   pid=88343 comm=runc:[2:INIT]    type=blk 1:3 access=m verdict=ALLOW
[ch07] hook=devcgroup_check_permission   pid=88343 comm=runc:[2:INIT]    type=blk 1:4 access=m verdict=ALLOW
[ch07] hook=devcgroup_check_permission   pid=88343 comm=runc:[2:INIT]    type=blk 1:5 access=m verdict=ALLOW
[ch07] hook=devcgroup_check_permission   pid=88343 comm=runc:[2:INIT]    type=blk 1:6 access=m verdict=ALLOW
[ch07] hook=devcgroup_check_permission   pid=88343 comm=runc:[2:INIT]    type=blk 1:7 access=m verdict=ALLOW
[ch07] hook=devcgroup_check_permission   pid=88343 comm=runc:[2:INIT]    type=blk 1:8 access=m verdict=ALLOW
[ch07] hook=devcgroup_check_permission   pid=88343 comm=runc:[2:INIT]    type=blk 1:9 access=m verdict=ALLOW
[ch07] hook=devcgroup_check_permission   pid=88343 comm=runc:[2:INIT]    type=chr 1:8 access=m verdict=ALLOW
[ch07] hook=devcgroup_check_permission   pid=88343 comm=runc:[2:INIT]    type=chr 253:0 access=m verdict=ALLOW
[ch07] hook=devcgroup_check_permission   pid=88343 comm=runc:[2:INIT]    type=chr 5:0 access=m verdict=ALLOW
[ch07] hook=devcgroup_check_permission   pid=88343 comm=runc:[2:INIT]    type=chr 4:0 access=m verdict=ALLOW
[ch07] hook=devcgroup_check_permission   pid=88343 comm=runc:[2:INIT]    type=chr 4:1 access=m verdict=ALLOW
[ch07] hook=devcgroup_check_permission   pid=88343 comm=runc:[2:INIT]    type=chr 4:10 access=m verdict=ALLOW
[ch07] hook=devcgroup_check_permission   pid=88343 comm=runc:[2:INIT]    type=chr 4:11 access=m verdict=ALLOW
[ch07] hook=devcgroup_check_permission   pid=88343 comm=runc:[2:INIT]    type=chr 4:12 access=m verdict=ALLOW
[ch07] hook=devcgroup_check_permission   pid=88343 comm=runc:[2:INIT]    type=chr 4:13 access=m verdict=ALLOW
[ch07] hook=devcgroup_check_permission   pid=88343 comm=runc:[2:INIT]    type=chr 4:14 access=m verdict=ALLOW
[ch07] hook=devcgroup_check_permission   pid=88343 comm=runc:[2:INIT]    type=chr 4:15 access=m verdict=ALLOW
[ch07] hook=devcgroup_check_permission   pid=88343 comm=runc:[2:INIT]    type=chr 4:16 access=m verdict=ALLOW
[ch07] hook=devcgroup_check_permission   pid=88343 comm=runc:[2:INIT]    type=chr 4:17 access=m verdict=ALLOW
[ch07] hook=devcgroup_check_permission   pid=88343 comm=runc:[2:INIT]    type=chr 4:18 access=m verdict=ALLOW
[ch07] hook=devcgroup_check_permission   pid=88343 comm=runc:[2:INIT]    type=chr 4:19 access=m verdict=ALLOW
[ch07] hook=devcgroup_check_permission   pid=88343 comm=runc:[2:INIT]    type=chr 4:2 access=m verdict=ALLOW
[ch07] hook=devcgroup_check_permission   pid=88343 comm=runc:[2:INIT]    type=chr 4:20 access=m verdict=ALLOW
[ch07] hook=devcgroup_check_permission   pid=88343 comm=runc:[2:INIT]    type=chr 4:21 access=m verdict=ALLOW
[ch07] hook=devcgroup_check_permission   pid=88343 comm=runc:[2:INIT]    type=chr 4:22 access=m verdict=ALLOW
[ch07] hook=devcgroup_check_permission   pid=88343 comm=runc:[2:INIT]    type=chr 4:23 access=m verdict=ALLOW
[ch07] hook=devcgroup_check_permission   pid=88343 comm=runc:[2:INIT]    type=chr 4:24 access=m verdict=ALLOW
[ch07] hook=devcgroup_check_permission   pid=88343 comm=runc:[2:INIT]    type=chr 4:25 access=m verdict=ALLOW
[ch07] hook=devcgroup_check_permission   pid=88343 comm=runc:[2:INIT]    type=chr 4:26 access=m verdict=ALLOW
[ch07] hook=devcgroup_check_permission   pid=88343 comm=runc:[2:INIT]    type=chr 4:27 access=m verdict=ALLOW
[ch07] hook=devcgroup_check_permission   pid=88343 comm=runc:[2:INIT]    type=chr 4:28 access=m verdict=ALLOW
[ch07] hook=devcgroup_check_permission   pid=88343 comm=runc:[2:INIT]    type=chr 4:29 access=m verdict=ALLOW
[ch07] hook=devcgroup_check_permission   pid=88343 comm=runc:[2:INIT]    type=chr 4:3 access=m verdict=ALLOW
[ch07] hook=devcgroup_check_permission   pid=88343 comm=runc:[2:INIT]    type=chr 4:30 access=m verdict=ALLOW
[ch07] hook=devcgroup_check_permission   pid=88343 comm=runc:[2:INIT]    type=chr 4:31 access=m verdict=ALLOW
[ch07] hook=devcgroup_check_permission   pid=88343 comm=runc:[2:INIT]    type=chr 4:32 access=m verdict=ALLOW
[ch07] hook=devcgroup_check_permission   pid=88343 comm=runc:[2:INIT]    type=chr 4:33 access=m verdict=ALLOW
[ch07] hook=devcgroup_check_permission   pid=88343 comm=runc:[2:INIT]    type=chr 4:34 access=m verdict=ALLOW
[ch07] hook=devcgroup_check_permission   pid=88343 comm=runc:[2:INIT]    type=chr 4:35 access=m verdict=ALLOW
[ch07] hook=devcgroup_check_permission   pid=88343 comm=runc:[2:INIT]    type=chr 4:36 access=m verdict=ALLOW
[ch07] hook=devcgroup_check_permission   pid=88343 comm=runc:[2:INIT]    type=chr 4:37 access=m verdict=ALLOW
[ch07] hook=devcgroup_check_permission   pid=88343 comm=runc:[2:INIT]    type=chr 4:38 access=m verdict=ALLOW
[ch07] hook=devcgroup_check_permission   pid=88343 comm=runc:[2:INIT]    type=chr 4:39 access=m verdict=ALLOW
[ch07] hook=devcgroup_check_permission   pid=88343 comm=runc:[2:INIT]    type=chr 4:4 access=m verdict=ALLOW
[ch07] hook=devcgroup_check_permission   pid=88343 comm=runc:[2:INIT]    type=chr 4:40 access=m verdict=ALLOW
[ch07] hook=devcgroup_check_permission   pid=88343 comm=runc:[2:INIT]    type=chr 4:41 access=m verdict=ALLOW
[ch07] hook=devcgroup_check_permission   pid=88343 comm=runc:[2:INIT]    type=chr 4:42 access=m verdict=ALLOW
[ch07] hook=devcgroup_check_permission   pid=88343 comm=runc:[2:INIT]    type=chr 4:43 access=m verdict=ALLOW
[ch07] hook=devcgroup_check_permission   pid=88343 comm=runc:[2:INIT]    type=chr 4:44 access=m verdict=ALLOW
[ch07] hook=devcgroup_check_permission   pid=88343 comm=runc:[2:INIT]    type=chr 4:45 access=m verdict=ALLOW
[ch07] hook=devcgroup_check_permission   pid=88343 comm=runc:[2:INIT]    type=chr 4:46 access=m verdict=ALLOW
[ch07] hook=devcgroup_check_permission   pid=88343 comm=runc:[2:INIT]    type=chr 4:47 access=m verdict=ALLOW
[ch07] hook=devcgroup_check_permission   pid=88343 comm=runc:[2:INIT]    type=chr 4:48 access=m verdict=ALLOW
[ch07] hook=devcgroup_check_permission   pid=88343 comm=runc:[2:INIT]    type=chr 4:49 access=m verdict=ALLOW
[ch07] hook=devcgroup_check_permission   pid=88343 comm=runc:[2:INIT]    type=chr 4:5 access=m verdict=ALLOW
[ch07] hook=devcgroup_check_permission   pid=88343 comm=runc:[2:INIT]    type=chr 4:50 access=m verdict=ALLOW
[ch07] hook=devcgroup_check_permission   pid=88343 comm=runc:[2:INIT]    type=chr 4:51 access=m verdict=ALLOW
[ch07] hook=devcgroup_check_permission   pid=88343 comm=runc:[2:INIT]    type=chr 4:52 access=m verdict=ALLOW
[ch07] hook=devcgroup_check_permission   pid=88343 comm=runc:[2:INIT]    type=chr 4:53 access=m verdict=ALLOW
[ch07] hook=devcgroup_check_permission   pid=88343 comm=runc:[2:INIT]    type=chr 4:54 access=m verdict=ALLOW
[ch07] hook=devcgroup_check_permission   pid=88343 comm=runc:[2:INIT]    type=chr 4:55 access=m verdict=ALLOW
[ch07] hook=devcgroup_check_permission   pid=88343 comm=runc:[2:INIT]    type=chr 4:56 access=m verdict=ALLOW
[ch07] hook=devcgroup_check_permission   pid=88343 comm=runc:[2:INIT]    type=chr 4:57 access=m verdict=ALLOW
[ch07] hook=devcgroup_check_permission   pid=88343 comm=runc:[2:INIT]    type=chr 4:58 access=m verdict=ALLOW
[ch07] hook=devcgroup_check_permission   pid=88343 comm=runc:[2:INIT]    type=chr 4:59 access=m verdict=ALLOW
[ch07] hook=devcgroup_check_permission   pid=88343 comm=runc:[2:INIT]    type=chr 4:6 access=m verdict=ALLOW
[ch07] hook=devcgroup_check_permission   pid=88343 comm=runc:[2:INIT]    type=chr 4:60 access=m verdict=ALLOW
[ch07] hook=devcgroup_check_permission   pid=88343 comm=runc:[2:INIT]    type=chr 4:61 access=m verdict=ALLOW
[ch07] hook=devcgroup_check_permission   pid=88343 comm=runc:[2:INIT]    type=chr 4:62 access=m verdict=ALLOW
[ch07] hook=devcgroup_check_permission   pid=88343 comm=runc:[2:INIT]    type=chr 4:63 access=m verdict=ALLOW
[ch07] hook=devcgroup_check_permission   pid=88343 comm=runc:[2:INIT]    type=chr 4:7 access=m verdict=ALLOW
[ch07] hook=devcgroup_check_permission   pid=88343 comm=runc:[2:INIT]    type=chr 4:8 access=m verdict=ALLOW
[ch07] hook=devcgroup_check_permission   pid=88343 comm=runc:[2:INIT]    type=chr 4:9 access=m verdict=ALLOW
[ch07] hook=devcgroup_check_permission   pid=88343 comm=runc:[2:INIT]    type=chr 4:64 access=m verdict=ALLOW
[ch07] hook=devcgroup_check_permission   pid=88343 comm=runc:[2:INIT]    type=chr 4:65 access=m verdict=ALLOW
[ch07] hook=devcgroup_check_permission   pid=88343 comm=runc:[2:INIT]    type=chr 4:66 access=m verdict=ALLOW
[ch07] hook=devcgroup_check_permission   pid=88343 comm=runc:[2:INIT]    type=chr 4:67 access=m verdict=ALLOW
[ch07] hook=devcgroup_check_permission   pid=88343 comm=runc:[2:INIT]    type=chr 10:223 access=m verdict=ALLOW
[ch07] hook=devcgroup_check_permission   pid=88343 comm=runc:[2:INIT]    type=chr 1:9 access=m verdict=ALLOW
[ch07] hook=devcgroup_check_permission   pid=88343 comm=runc:[2:INIT]    type=chr 247:0 access=m verdict=ALLOW
[ch07] hook=devcgroup_check_permission   pid=88343 comm=runc:[2:INIT]    type=chr 247:1 access=m verdict=ALLOW
[ch07] hook=devcgroup_check_permission   pid=88343 comm=runc:[2:INIT]    type=chr 247:2 access=m verdict=ALLOW
[ch07] hook=devcgroup_check_permission   pid=88343 comm=runc:[2:INIT]    type=chr 7:0 access=m verdict=ALLOW
[ch07] hook=devcgroup_check_permission   pid=88343 comm=runc:[2:INIT]    type=chr 7:1 access=m verdict=ALLOW
[ch07] hook=devcgroup_check_permission   pid=88343 comm=runc:[2:INIT]    type=chr 7:128 access=m verdict=ALLOW
[ch07] hook=devcgroup_check_permission   pid=88343 comm=runc:[2:INIT]    type=chr 7:129 access=m verdict=ALLOW
[ch07] hook=devcgroup_check_permission   pid=88343 comm=runc:[2:INIT]    type=chr 7:64 access=m verdict=ALLOW
[ch07] hook=devcgroup_check_permission   pid=88343 comm=runc:[2:INIT]    type=chr 7:65 access=m verdict=ALLOW
[ch07] hook=devcgroup_check_permission   pid=88343 comm=runc:[2:INIT]    type=blk 254:0 access=m verdict=ALLOW
[ch07] hook=devcgroup_check_permission   pid=88343 comm=runc:[2:INIT]    type=blk 254:1 access=m verdict=ALLOW
[ch07] hook=devcgroup_check_permission   pid=88343 comm=runc:[2:INIT]    type=blk 254:16 access=m verdict=ALLOW
[ch07] hook=devcgroup_check_permission   pid=88343 comm=runc:[2:INIT]    type=chr 10:127 access=m verdict=ALLOW
[ch07] hook=devcgroup_check_permission   pid=88343 comm=runc:[2:INIT]    type=chr 10:238 access=m verdict=ALLOW
[ch07] hook=devcgroup_check_permission   pid=88343 comm=runc:[2:INIT]    type=chr 10:241 access=m verdict=ALLOW
[ch07] hook=devcgroup_check_permission   pid=88343 comm=runc:[2:INIT]    type=chr 250:0 access=m verdict=ALLOW
[ch07] hook=devcgroup_check_permission   pid=88343 comm=runc:[2:INIT]    type=chr 10:125 access=m verdict=ALLOW
[ch07] hook=devcgroup_check_permission   pid=88343 comm=runc:[2:INIT]    type=chr 1:5 access=m verdict=ALLOW
[ch07] hook=devcgroup_check_permission   pid=88331 comm=runc             type=chr 1:3 access=r verdict=ALLOW
[ch07] hook=devcgroup_check_permission   pid=88343 comm=runc:[2:INIT]    type=chr 1:3 access=rw verdict=ALLOW
[ch07] hook=devcgroup_check_permission   pid=88329 comm=containerd-shim  type=chr 1:3 access=r verdict=ALLOW
[ch07] hook=devcgroup_check_permission   pid=88343 comm=bash             type=chr 5:0 access=rw verdict=ALLOW
[ch07] hook=devcgroup_check_permission   pid=88359 comm=mknod            type=chr 1:3 access=m verdict=ALLOW
[ch07] hook=devcgroup_check_permission   pid=88359 comm=mknod            type=chr 1:3 access=m verdict=ALLOW
[ch07] hook=devcgroup_check_permission   pid=88360 comm=mknod            type=chr 1:5 access=m verdict=ALLOW
[ch07] hook=devcgroup_check_permission   pid=88360 comm=mknod            type=chr 1:5 access=m verdict=ALLOW
[ch07] hook=devcgroup_check_permission   pid=88361 comm=mknod            type=blk 7:0 access=m verdict=ALLOW
[ch07] hook=devcgroup_check_permission   pid=88361 comm=mknod            type=blk 7:0 access=m verdict=ALLOW
[ch07] hook=devcgroup_check_permission   pid=88362 comm=mknod            type=blk 8:0 access=m verdict=ALLOW
[ch07] hook=devcgroup_check_permission   pid=88362 comm=mknod            type=blk 8:0 access=m verdict=ALLOW
[ch07] hook=devcgroup_check_permission   pid=88363 comm=dd               type=chr 1:3 access=r verdict=ALLOW
[ch07] hook=devcgroup_check_permission   pid=88363 comm=dd               type=chr 1:3 access=w verdict=ALLOW
[ch07] hook=devcgroup_check_permission   pid=88364 comm=dd               type=chr 1:9 access=r verdict=ALLOW
[ch07] hook=devcgroup_check_permission   pid=88364 comm=dd               type=chr 1:3 access=w verdict=ALLOW
[ch07] hook=devcgroup_check_permission   pid=88365 comm=bash             type=chr 1:3 access=w verdict=ALLOW
[ch07] hook=devcgroup_check_permission   pid=88366 comm=head             type=chr 1:1 access=r verdict=ALLOW
[ch07] hook=devcgroup_check_permission   pid=88367 comm=bash             type=chr 1:3 access=w verdict=ALLOW
[ch07] hook=devcgroup_check_permission   pid=88368 comm=bash             type=chr 1:3 access=w verdict=ALLOW
[ch07] hook=devcgroup_check_permission   pid=88327 comm=containerd-shim  type=chr 1:3 access=r verdict=ALLOW
[ch07] hook=devcgroup_check_permission   pid=88323 comm=containerd-shim  type=chr 1:3 access=r verdict=ALLOW
[ch07] hook=devcgroup_check_permission   pid=292 comm=containerd       type=chr 1:3 access=r verdict=ALLOW
[ch07] hook=devcgroup_check_permission   pid=88389 comm=containerd-shim  type=chr 1:3 access=r verdict=ALLOW
[ch07] hook=devcgroup_check_permission   pid=88399 comm=bash             type=chr 5:0 access=rw verdict=ALLOW
[ch07] hook=devcgroup_check_permission   pid=583 comm=containerd-shim  type=chr 1:3 access=r verdict=ALLOW
[ch07] hook=devcgroup_check_permission   pid=88295 comm=bash             type=chr 1:3 access=w verdict=ALLOW
[ch07] hook=devcgroup_check_permission   pid=88295 comm=bash             type=chr 1:3 access=w verdict=ALLOW
[ch07] hook=devcgroup_check_permission   pid=88276 comm=containerd-shim  type=chr 1:3 access=r verdict=ALLOW
[ch07] hook=devcgroup_check_permission   pid=88279 comm=containerd-shim  type=chr 1:3 access=r verdict=ALLOW
[ch07] hook=devcgroup_check_permission   pid=292 comm=containerd       type=chr 1:3 access=r verdict=ALLOW
[ch07] hook=devcgroup_check_permission   pid=88437 comm=containerd-shim  type=chr 1:3 access=r verdict=ALLOW
[ch07] hook=devcgroup_check_permission   pid=251 comm=initd            type=chr 1:3 access=r verdict=ALLOW
[ch07] hook=devcgroup_check_permission   pid=516 comm=dockerd          type=chr 1:3 access=r verdict=ALLOW
[ch07] hook=devcgroup_check_permission   pid=88449 comm=containerd-shim  type=chr 1:3 access=r verdict=ALLOW
[ch07] hook=devcgroup_check_permission   pid=88449 comm=containerd-shim  type=chr 1:3 access=w verdict=ALLOW
[ch07] hook=devcgroup_check_permission   pid=88449 comm=containerd-shim  type=chr 1:3 access=w verdict=ALLOW
[ch07] hook=devcgroup_check_permission   pid=88463 comm=containerd-shim  type=chr 1:3 access=r verdict=ALLOW
[ch07] hook=devcgroup_check_permission   pid=88478 comm=runc:[2:INIT]    type=chr 10:235 access=m verdict=ALLOW
[ch07] hook=devcgroup_check_permission   pid=88478 comm=runc:[2:INIT]    type=chr 10:234 access=m verdict=ALLOW
[ch07] hook=devcgroup_check_permission   pid=88478 comm=runc:[2:INIT]    type=chr 189:0 access=m verdict=ALLOW
[ch07] hook=devcgroup_check_permission   pid=88478 comm=runc:[2:INIT]    type=chr 189:128 access=m verdict=ALLOW
[ch07] hook=devcgroup_check_permission   pid=88478 comm=runc:[2:INIT]    type=chr 10:126 access=m verdict=ALLOW
[ch07] hook=devcgroup_check_permission   pid=88478 comm=runc:[2:INIT]    type=chr 10:124 access=m verdict=ALLOW
[ch07] hook=devcgroup_check_permission   pid=88478 comm=runc:[2:INIT]    type=chr 10:203 access=m verdict=ALLOW
[ch07] hook=devcgroup_check_permission   pid=88478 comm=runc:[2:INIT]    type=chr 1:7 access=m verdict=ALLOW
[ch07] hook=devcgroup_check_permission   pid=88478 comm=runc:[2:INIT]    type=chr 10:229 access=m verdict=ALLOW
[ch07] hook=devcgroup_check_permission   pid=88478 comm=runc:[2:INIT]    type=chr 254:0 access=m verdict=ALLOW
[ch07] hook=devcgroup_check_permission   pid=88478 comm=runc:[2:INIT]    type=chr 229:0 access=m verdict=ALLOW
[ch07] hook=devcgroup_check_permission   pid=88478 comm=runc:[2:INIT]    type=chr 229:1 access=m verdict=ALLOW
[ch07] hook=devcgroup_check_permission   pid=88478 comm=runc:[2:INIT]    type=chr 229:2 access=m verdict=ALLOW
[ch07] hook=devcgroup_check_permission   pid=88478 comm=runc:[2:INIT]    type=chr 229:3 access=m verdict=ALLOW
[ch07] hook=devcgroup_check_permission   pid=88478 comm=runc:[2:INIT]    type=chr 229:4 access=m verdict=ALLOW
[ch07] hook=devcgroup_check_permission   pid=88478 comm=runc:[2:INIT]    type=chr 229:5 access=m verdict=ALLOW
[ch07] hook=devcgroup_check_permission   pid=88478 comm=runc:[2:INIT]    type=chr 229:6 access=m verdict=ALLOW
[ch07] hook=devcgroup_check_permission   pid=88478 comm=runc:[2:INIT]    type=chr 229:7 access=m verdict=ALLOW
[ch07] hook=devcgroup_check_permission   pid=88478 comm=runc:[2:INIT]    type=chr 10:183 access=m verdict=ALLOW
[ch07] hook=devcgroup_check_permission   pid=88478 comm=runc:[2:INIT]    type=chr 13:63 access=m verdict=ALLOW
[ch07] hook=devcgroup_check_permission   pid=88478 comm=runc:[2:INIT]    type=chr 1:11 access=m verdict=ALLOW
[ch07] hook=devcgroup_check_permission   pid=88478 comm=runc:[2:INIT]    type=chr 10:237 access=m verdict=ALLOW
[ch07] hook=devcgroup_check_permission   pid=88478 comm=runc:[2:INIT]    type=blk 7:0 access=m verdict=ALLOW
[ch07] hook=devcgroup_check_permission   pid=88478 comm=runc:[2:INIT]    type=blk 7:1 access=m verdict=ALLOW
[ch07] hook=devcgroup_check_permission   pid=88478 comm=runc:[2:INIT]    type=blk 7:2 access=m verdict=ALLOW
[ch07] hook=devcgroup_check_permission   pid=88478 comm=runc:[2:INIT]    type=blk 7:3 access=m verdict=ALLOW
[ch07] hook=devcgroup_check_permission   pid=88478 comm=runc:[2:INIT]    type=blk 7:4 access=m verdict=ALLOW
[ch07] hook=devcgroup_check_permission   pid=88478 comm=runc:[2:INIT]    type=blk 7:5 access=m verdict=ALLOW
[ch07] hook=devcgroup_check_permission   pid=88478 comm=runc:[2:INIT]    type=blk 7:6 access=m verdict=ALLOW
[ch07] hook=devcgroup_check_permission   pid=88478 comm=runc:[2:INIT]    type=blk 7:7 access=m verdict=ALLOW
[ch07] hook=devcgroup_check_permission   pid=88478 comm=runc:[2:INIT]    type=chr 10:236 access=m verdict=ALLOW
[ch07] hook=devcgroup_check_permission   pid=88478 comm=runc:[2:INIT]    type=chr 1:1 access=m verdict=ALLOW
[ch07] hook=devcgroup_check_permission   pid=88478 comm=runc:[2:INIT]    type=blk 43:0 access=m verdict=ALLOW
[ch07] hook=devcgroup_check_permission   pid=88478 comm=runc:[2:INIT]    type=blk 43:32 access=m verdict=ALLOW
[ch07] hook=devcgroup_check_permission   pid=88478 comm=runc:[2:INIT]    type=blk 43:320 access=m verdict=ALLOW
[ch07] hook=devcgroup_check_permission   pid=88478 comm=runc:[2:INIT]    type=blk 43:352 access=m verdict=ALLOW
[ch07] hook=devcgroup_check_permission   pid=88478 comm=runc:[2:INIT]    type=blk 43:384 access=m verdict=ALLOW
[ch07] hook=devcgroup_check_permission   pid=88478 comm=runc:[2:INIT]    type=blk 43:416 access=m verdict=ALLOW
[ch07] hook=devcgroup_check_permission   pid=88478 comm=runc:[2:INIT]    type=blk 43:448 access=m verdict=ALLOW
[ch07] hook=devcgroup_check_permission   pid=88478 comm=runc:[2:INIT]    type=blk 43:480 access=m verdict=ALLOW
[ch07] hook=devcgroup_check_permission   pid=88478 comm=runc:[2:INIT]    type=blk 43:64 access=m verdict=ALLOW
[ch07] hook=devcgroup_check_permission   pid=88478 comm=runc:[2:INIT]    type=blk 43:96 access=m verdict=ALLOW
[ch07] hook=devcgroup_check_permission   pid=88478 comm=runc:[2:INIT]    type=blk 43:128 access=m verdict=ALLOW
[ch07] hook=devcgroup_check_permission   pid=88478 comm=runc:[2:INIT]    type=blk 43:160 access=m verdict=ALLOW
[ch07] hook=devcgroup_check_permission   pid=88478 comm=runc:[2:INIT]    type=blk 43:192 access=m verdict=ALLOW
[ch07] hook=devcgroup_check_permission   pid=88478 comm=runc:[2:INIT]    type=blk 43:224 access=m verdict=ALLOW
[ch07] hook=devcgroup_check_permission   pid=88478 comm=runc:[2:INIT]    type=blk 43:256 access=m verdict=ALLOW
[ch07] hook=devcgroup_check_permission   pid=88478 comm=runc:[2:INIT]    type=blk 43:288 access=m verdict=ALLOW
[ch07] hook=devcgroup_check_permission   pid=88478 comm=runc:[2:INIT]    type=chr 10:200 access=m verdict=ALLOW
[ch07] hook=devcgroup_check_permission   pid=88478 comm=runc:[2:INIT]    type=chr 1:3 access=m verdict=ALLOW
[ch07] hook=devcgroup_check_permission   pid=88478 comm=runc:[2:INIT]    type=chr 1:4 access=m verdict=ALLOW
[ch07] hook=devcgroup_check_permission   pid=88478 comm=runc:[2:INIT]    type=chr 108:0 access=m verdict=ALLOW
[ch07] hook=devcgroup_check_permission   pid=88478 comm=runc:[2:INIT]    type=blk 1:0 access=m verdict=ALLOW
[ch07] hook=devcgroup_check_permission   pid=88478 comm=runc:[2:INIT]    type=blk 1:1 access=m verdict=ALLOW
[ch07] hook=devcgroup_check_permission   pid=88478 comm=runc:[2:INIT]    type=blk 1:10 access=m verdict=ALLOW
[ch07] hook=devcgroup_check_permission   pid=88478 comm=runc:[2:INIT]    type=blk 1:11 access=m verdict=ALLOW
[ch07] hook=devcgroup_check_permission   pid=88478 comm=runc:[2:INIT]    type=blk 1:12 access=m verdict=ALLOW
[ch07] hook=devcgroup_check_permission   pid=88478 comm=runc:[2:INIT]    type=blk 1:13 access=m verdict=ALLOW
[ch07] hook=devcgroup_check_permission   pid=88478 comm=runc:[2:INIT]    type=blk 1:14 access=m verdict=ALLOW
[ch07] hook=devcgroup_check_permission   pid=88478 comm=runc:[2:INIT]    type=blk 1:15 access=m verdict=ALLOW
[ch07] hook=devcgroup_check_permission   pid=88478 comm=runc:[2:INIT]    type=blk 1:2 access=m verdict=ALLOW
[ch07] hook=devcgroup_check_permission   pid=88478 comm=runc:[2:INIT]    type=blk 1:3 access=m verdict=ALLOW
[ch07] hook=devcgroup_check_permission   pid=88478 comm=runc:[2:INIT]    type=blk 1:4 access=m verdict=ALLOW
[ch07] hook=devcgroup_check_permission   pid=88478 comm=runc:[2:INIT]    type=blk 1:5 access=m verdict=ALLOW
[ch07] hook=devcgroup_check_permission   pid=88478 comm=runc:[2:INIT]    type=blk 1:6 access=m verdict=ALLOW
[ch07] hook=devcgroup_check_permission   pid=88478 comm=runc:[2:INIT]    type=blk 1:7 access=m verdict=ALLOW
[ch07] hook=devcgroup_check_permission   pid=88478 comm=runc:[2:INIT]    type=blk 1:8 access=m verdict=ALLOW
[ch07] hook=devcgroup_check_permission   pid=88478 comm=runc:[2:INIT]    type=blk 1:9 access=m verdict=ALLOW
[ch07] hook=devcgroup_check_permission   pid=88478 comm=runc:[2:INIT]    type=chr 1:8 access=m verdict=ALLOW
[ch07] hook=devcgroup_check_permission   pid=88478 comm=runc:[2:INIT]    type=chr 253:0 access=m verdict=ALLOW
[ch07] hook=devcgroup_check_permission   pid=88478 comm=runc:[2:INIT]    type=chr 5:0 access=m verdict=ALLOW
[ch07] hook=devcgroup_check_permission   pid=88478 comm=runc:[2:INIT]    type=chr 4:0 access=m verdict=ALLOW
[ch07] hook=devcgroup_check_permission   pid=88478 comm=runc:[2:INIT]    type=chr 4:1 access=m verdict=ALLOW
[ch07] hook=devcgroup_check_permission   pid=88478 comm=runc:[2:INIT]    type=chr 4:10 access=m verdict=ALLOW
[ch07] hook=devcgroup_check_permission   pid=88478 comm=runc:[2:INIT]    type=chr 4:11 access=m verdict=ALLOW
[ch07] hook=devcgroup_check_permission   pid=88478 comm=runc:[2:INIT]    type=chr 4:12 access=m verdict=ALLOW
[ch07] hook=devcgroup_check_permission   pid=88478 comm=runc:[2:INIT]    type=chr 4:13 access=m verdict=ALLOW
[ch07] hook=devcgroup_check_permission   pid=88478 comm=runc:[2:INIT]    type=chr 4:14 access=m verdict=ALLOW
[ch07] hook=devcgroup_check_permission   pid=88478 comm=runc:[2:INIT]    type=chr 4:15 access=m verdict=ALLOW
[ch07] hook=devcgroup_check_permission   pid=88478 comm=runc:[2:INIT]    type=chr 4:16 access=m verdict=ALLOW
[ch07] hook=devcgroup_check_permission   pid=88478 comm=runc:[2:INIT]    type=chr 4:17 access=m verdict=ALLOW
[ch07] hook=devcgroup_check_permission   pid=88478 comm=runc:[2:INIT]    type=chr 4:18 access=m verdict=ALLOW
[ch07] hook=devcgroup_check_permission   pid=88478 comm=runc:[2:INIT]    type=chr 4:19 access=m verdict=ALLOW
[ch07] hook=devcgroup_check_permission   pid=88478 comm=runc:[2:INIT]    type=chr 4:2 access=m verdict=ALLOW
[ch07] hook=devcgroup_check_permission   pid=88478 comm=runc:[2:INIT]    type=chr 4:20 access=m verdict=ALLOW
[ch07] hook=devcgroup_check_permission   pid=88478 comm=runc:[2:INIT]    type=chr 4:21 access=m verdict=ALLOW
[ch07] hook=devcgroup_check_permission   pid=88478 comm=runc:[2:INIT]    type=chr 4:22 access=m verdict=ALLOW
[ch07] hook=devcgroup_check_permission   pid=88478 comm=runc:[2:INIT]    type=chr 4:23 access=m verdict=ALLOW
[ch07] hook=devcgroup_check_permission   pid=88478 comm=runc:[2:INIT]    type=chr 4:24 access=m verdict=ALLOW
[ch07] hook=devcgroup_check_permission   pid=88478 comm=runc:[2:INIT]    type=chr 4:25 access=m verdict=ALLOW
[ch07] hook=devcgroup_check_permission   pid=88478 comm=runc:[2:INIT]    type=chr 4:26 access=m verdict=ALLOW
[ch07] hook=devcgroup_check_permission   pid=88478 comm=runc:[2:INIT]    type=chr 4:27 access=m verdict=ALLOW
[ch07] hook=devcgroup_check_permission   pid=88478 comm=runc:[2:INIT]    type=chr 4:28 access=m verdict=ALLOW
[ch07] hook=devcgroup_check_permission   pid=88478 comm=runc:[2:INIT]    type=chr 4:29 access=m verdict=ALLOW
[ch07] hook=devcgroup_check_permission   pid=88478 comm=runc:[2:INIT]    type=chr 4:3 access=m verdict=ALLOW
[ch07] hook=devcgroup_check_permission   pid=88478 comm=runc:[2:INIT]    type=chr 4:30 access=m verdict=ALLOW
[ch07] hook=devcgroup_check_permission   pid=88478 comm=runc:[2:INIT]    type=chr 4:31 access=m verdict=ALLOW
[ch07] hook=devcgroup_check_permission   pid=88478 comm=runc:[2:INIT]    type=chr 4:32 access=m verdict=ALLOW
[ch07] hook=devcgroup_check_permission   pid=88478 comm=runc:[2:INIT]    type=chr 4:33 access=m verdict=ALLOW
[ch07] hook=devcgroup_check_permission   pid=88478 comm=runc:[2:INIT]    type=chr 4:34 access=m verdict=ALLOW
[ch07] hook=devcgroup_check_permission   pid=88478 comm=runc:[2:INIT]    type=chr 4:35 access=m verdict=ALLOW
[ch07] hook=devcgroup_check_permission   pid=88478 comm=runc:[2:INIT]    type=chr 4:36 access=m verdict=ALLOW
[ch07] hook=devcgroup_check_permission   pid=88478 comm=runc:[2:INIT]    type=chr 4:37 access=m verdict=ALLOW
[ch07] hook=devcgroup_check_permission   pid=88478 comm=runc:[2:INIT]    type=chr 4:38 access=m verdict=ALLOW
[ch07] hook=devcgroup_check_permission   pid=88478 comm=runc:[2:INIT]    type=chr 4:39 access=m verdict=ALLOW
[ch07] hook=devcgroup_check_permission   pid=88478 comm=runc:[2:INIT]    type=chr 4:4 access=m verdict=ALLOW
[ch07] hook=devcgroup_check_permission   pid=88478 comm=runc:[2:INIT]    type=chr 4:40 access=m verdict=ALLOW
[ch07] hook=devcgroup_check_permission   pid=88478 comm=runc:[2:INIT]    type=chr 4:41 access=m verdict=ALLOW
[ch07] hook=devcgroup_check_permission   pid=88478 comm=runc:[2:INIT]    type=chr 4:42 access=m verdict=ALLOW
[ch07] hook=devcgroup_check_permission   pid=88478 comm=runc:[2:INIT]    type=chr 4:43 access=m verdict=ALLOW
[ch07] hook=devcgroup_check_permission   pid=88478 comm=runc:[2:INIT]    type=chr 4:44 access=m verdict=ALLOW
[ch07] hook=devcgroup_check_permission   pid=88478 comm=runc:[2:INIT]    type=chr 4:45 access=m verdict=ALLOW
[ch07] hook=devcgroup_check_permission   pid=88478 comm=runc:[2:INIT]    type=chr 4:46 access=m verdict=ALLOW
[ch07] hook=devcgroup_check_permission   pid=88478 comm=runc:[2:INIT]    type=chr 4:47 access=m verdict=ALLOW
[ch07] hook=devcgroup_check_permission   pid=88478 comm=runc:[2:INIT]    type=chr 4:48 access=m verdict=ALLOW
[ch07] hook=devcgroup_check_permission   pid=88478 comm=runc:[2:INIT]    type=chr 4:49 access=m verdict=ALLOW
[ch07] hook=devcgroup_check_permission   pid=88478 comm=runc:[2:INIT]    type=chr 4:5 access=m verdict=ALLOW
[ch07] hook=devcgroup_check_permission   pid=88478 comm=runc:[2:INIT]    type=chr 4:50 access=m verdict=ALLOW
[ch07] hook=devcgroup_check_permission   pid=88478 comm=runc:[2:INIT]    type=chr 4:51 access=m verdict=ALLOW
[ch07] hook=devcgroup_check_permission   pid=88478 comm=runc:[2:INIT]    type=chr 4:52 access=m verdict=ALLOW
[ch07] hook=devcgroup_check_permission   pid=88478 comm=runc:[2:INIT]    type=chr 4:53 access=m verdict=ALLOW
[ch07] hook=devcgroup_check_permission   pid=88478 comm=runc:[2:INIT]    type=chr 4:54 access=m verdict=ALLOW
[ch07] hook=devcgroup_check_permission   pid=88478 comm=runc:[2:INIT]    type=chr 4:55 access=m verdict=ALLOW
[ch07] hook=devcgroup_check_permission   pid=88478 comm=runc:[2:INIT]    type=chr 4:56 access=m verdict=ALLOW
[ch07] hook=devcgroup_check_permission   pid=88478 comm=runc:[2:INIT]    type=chr 4:57 access=m verdict=ALLOW
[ch07] hook=devcgroup_check_permission   pid=88478 comm=runc:[2:INIT]    type=chr 4:58 access=m verdict=ALLOW
[ch07] hook=devcgroup_check_permission   pid=88478 comm=runc:[2:INIT]    type=chr 4:59 access=m verdict=ALLOW
[ch07] hook=devcgroup_check_permission   pid=88478 comm=runc:[2:INIT]    type=chr 4:6 access=m verdict=ALLOW
[ch07] hook=devcgroup_check_permission   pid=88478 comm=runc:[2:INIT]    type=chr 4:60 access=m verdict=ALLOW
[ch07] hook=devcgroup_check_permission   pid=88478 comm=runc:[2:INIT]    type=chr 4:61 access=m verdict=ALLOW
[ch07] hook=devcgroup_check_permission   pid=88478 comm=runc:[2:INIT]    type=chr 4:62 access=m verdict=ALLOW
[ch07] hook=devcgroup_check_permission   pid=88478 comm=runc:[2:INIT]    type=chr 4:63 access=m verdict=ALLOW
[ch07] hook=devcgroup_check_permission   pid=88478 comm=runc:[2:INIT]    type=chr 4:7 access=m verdict=ALLOW
[ch07] hook=devcgroup_check_permission   pid=88478 comm=runc:[2:INIT]    type=chr 4:8 access=m verdict=ALLOW
[ch07] hook=devcgroup_check_permission   pid=88478 comm=runc:[2:INIT]    type=chr 4:9 access=m verdict=ALLOW
[ch07] hook=devcgroup_check_permission   pid=88478 comm=runc:[2:INIT]    type=chr 4:64 access=m verdict=ALLOW
[ch07] hook=devcgroup_check_permission   pid=88478 comm=runc:[2:INIT]    type=chr 4:65 access=m verdict=ALLOW
[ch07] hook=devcgroup_check_permission   pid=88478 comm=runc:[2:INIT]    type=chr 4:66 access=m verdict=ALLOW
[ch07] hook=devcgroup_check_permission   pid=88478 comm=runc:[2:INIT]    type=chr 4:67 access=m verdict=ALLOW
[ch07] hook=devcgroup_check_permission   pid=88478 comm=runc:[2:INIT]    type=chr 10:223 access=m verdict=ALLOW
[ch07] hook=devcgroup_check_permission   pid=88478 comm=runc:[2:INIT]    type=chr 1:9 access=m verdict=ALLOW
[ch07] hook=devcgroup_check_permission   pid=88478 comm=runc:[2:INIT]    type=chr 247:0 access=m verdict=ALLOW
[ch07] hook=devcgroup_check_permission   pid=88478 comm=runc:[2:INIT]    type=chr 247:1 access=m verdict=ALLOW
[ch07] hook=devcgroup_check_permission   pid=88478 comm=runc:[2:INIT]    type=chr 247:2 access=m verdict=ALLOW
[ch07] hook=devcgroup_check_permission   pid=88478 comm=runc:[2:INIT]    type=chr 7:0 access=m verdict=ALLOW
[ch07] hook=devcgroup_check_permission   pid=88478 comm=runc:[2:INIT]    type=chr 7:1 access=m verdict=ALLOW
[ch07] hook=devcgroup_check_permission   pid=88478 comm=runc:[2:INIT]    type=chr 7:128 access=m verdict=ALLOW
[ch07] hook=devcgroup_check_permission   pid=88478 comm=runc:[2:INIT]    type=chr 7:129 access=m verdict=ALLOW
[ch07] hook=devcgroup_check_permission   pid=88478 comm=runc:[2:INIT]    type=chr 7:64 access=m verdict=ALLOW
[ch07] hook=devcgroup_check_permission   pid=88478 comm=runc:[2:INIT]    type=chr 7:65 access=m verdict=ALLOW
[ch07] hook=devcgroup_check_permission   pid=88478 comm=runc:[2:INIT]    type=blk 254:0 access=m verdict=ALLOW
[ch07] hook=devcgroup_check_permission   pid=88478 comm=runc:[2:INIT]    type=blk 254:1 access=m verdict=ALLOW
[ch07] hook=devcgroup_check_permission   pid=88478 comm=runc:[2:INIT]    type=blk 254:16 access=m verdict=ALLOW
[ch07] hook=devcgroup_check_permission   pid=88478 comm=runc:[2:INIT]    type=chr 10:127 access=m verdict=ALLOW
[ch07] hook=devcgroup_check_permission   pid=88478 comm=runc:[2:INIT]    type=chr 10:238 access=m verdict=ALLOW
[ch07] hook=devcgroup_check_permission   pid=88478 comm=runc:[2:INIT]    type=chr 10:241 access=m verdict=ALLOW
[ch07] hook=devcgroup_check_permission   pid=88478 comm=runc:[2:INIT]    type=chr 250:0 access=m verdict=ALLOW
[ch07] hook=devcgroup_check_permission   pid=88478 comm=runc:[2:INIT]    type=chr 10:125 access=m verdict=ALLOW
[ch07] hook=devcgroup_check_permission   pid=88478 comm=runc:[2:INIT]    type=chr 1:5 access=m verdict=ALLOW
[ch07] hook=devcgroup_check_permission   pid=88466 comm=runc             type=chr 1:3 access=r verdict=ALLOW
[ch07] hook=devcgroup_check_permission   pid=88478 comm=runc:[2:INIT]    type=chr 1:3 access=rw verdict=ALLOW
[ch07] hook=devcgroup_check_permission   pid=515 comm=dockerd          type=chr 1:3 access=r verdict=ALLOW
[ch07] hook=devcgroup_check_permission   pid=88463 comm=containerd-shim  type=chr 1:3 access=r verdict=ALLOW
[ch07] hook=devcgroup_check_permission   pid=88478 comm=bash             type=chr 5:0 access=rw verdict=ALLOW
[ch07] hook=devcgroup_check_permission   pid=88492 comm=bash             type=chr 1:3 access=r verdict=ALLOW
[ch07] hook=devcgroup_check_permission   pid=570 comm=containerd-shim  type=chr 1:3 access=r verdict=ALLOW
[ch07] hook=devcgroup_check_permission   pid=88516 comm=bash             type=chr 5:0 access=rw verdict=ALLOW
